// Jest Snapshot v1, https://goo.gl/fbAQLP

exports[`Test InputPassword component Should match snapshot 1`] = `
<div>
  <div
    class="w-full"
  >
    <label
      class="text-grey text-sm dark:text-lighter after:content-['*'] after:text-red-500 after:text-md"
      for="test-input-password"
    >
      Input Password
    </label>
    <div
      class="tremor-Flex-root flex w-full flex-row justify-between items-center relative"
    >
      <div
        class="w-full"
      >
        <div
          class="relative"
        >
          <input
            class="block py-1.5 px-0 w-full text-sm text-primary bg-transparent border-0 border-b-2 border-gray-300 appearance-none dark:text-white dark:border-gray-600 dark:focus:border-gray-500 focus:outline-none focus:ring-0 focus:border-gray-600 peer disabled:cursor-not-allowed disabled:opacity-50"
            id="test-input-password"
            type="password"
          />
          <div
            class="absolute right-0 top-0 mt-2 mr-2 hover:cursor-pointer hover:opacity-75"
          >
            <svg
              class="text-primary text-xl dark:hover:text-white"
              fill="currentColor"
              height="1em"
              stroke="currentColor"
              stroke-width="0"
              viewBox="0 0 24 24"
              width="1em"
              xmlns="http://www.w3.org/2000/svg"
            >
              <path
                d="M1.18164 12C2.12215 6.87976 6.60812 3 12.0003 3C17.3924 3 21.8784 6.87976 22.8189 12C21.8784 17.1202 17.3924 21 12.0003 21C6.60812 21 2.12215 17.1202 1.18164 12ZM12.0003 17C14.7617 17 17.0003 14.7614 17.0003 12C17.0003 9.23858 14.7617 7 12.0003 7C9.23884 7 7.00026 9.23858 7.00026 12C7.00026 14.7614 9.23884 17 12.0003 17ZM12.0003 15C10.3434 15 9.00026 13.6569 9.00026 12C9.00026 10.3431 10.3434 9 12.0003 9C13.6571 9 15.0003 10.3431 15.0003 12C15.0003 13.6569 13.6571 15 12.0003 15Z"
              />
            </svg>
          </div>
        </div>
      </div>
    </div>
  </div>
</div>
`;
