// Jest Snapshot v1, https://goo.gl/fbAQLP

exports[`InfoInvoiceBody Match snapshot 1`] = `
<div>
  <div
    class="tremor-Flex-root flex w-full flex-col justify-between items-start mb-7 md:flex-row md:items-center print:flex-row print:mb-7"
  >
    <div
      class="w-full mb-5 md:mb-0 print:mb-0"
    >
      <p
        class="text-tremor-title font-normal dark:text-lighter text-tertiary print:text-greyer dark:print:text-greyer print:mb-1"
      >
        Invoice no
      </p>
      <a
        class="text-tremor-primary text-primary dark:text-white leading-relaxed font-bold tracking-wide no-underline print:text-primary dark:print:!text-primary"
        href="#"
      >
        #
        230220
      </a>
    </div>
    <div
      class="w-full"
    >
      <div
        class="tremor-Flex-root flex w-full flex-col justify-between items-center md:flex-row mb-1 md:mb-0 print:flex-row print:mb-1"
      >
        <p
          class="text-tremor-title w-full mb-1 md:mb-0 print:mb-1 text-left md:text-end print:text-end font-normal dark:text-lighter text-tertiary print:text-greyer dark:print:text-greyer"
        >
          Invoice date:
        </p>
        <p
          class="w-full text-left md:text-end print:text-end text-tremor-title text-primary font-semibold dark:text-white dark:print:text-primary"
        >
          03/06/2019
        </p>
      </div>
      <div
        class="tremor-Flex-root flex w-full flex-col justify-between items-center md:flex-row print:flex-row"
      >
        <p
          class="text-tremor-title w-full mb-1 md:mb-0 print:mb-1 text-left md:text-end print:text-end font-normal dark:text-lighter text-tertiary print:text-greyer dark:print:text-greyer"
        >
          Due date:
        </p>
        <p
          class="w-full text-left md:text-end print:text-end text-tremor-title text-primary font-semibold dark:text-white dark:print:text-primary"
        >
          03/11/2019
        </p>
      </div>
    </div>
  </div>
</div>
`;
