// Jest Snapshot v1, https://goo.gl/fbAQLP

exports[`TransactionDetail match snapshot 1`] = `
<div>
  <div
    class="p-4 bg-white dark:bg-dark-tremor-primary rounded-lg shadow-md"
  >
    <div
      class="flex justify-between"
    >
      <div
        class="flex gap-4"
      >
        <h3
          class="text-sm xs:text-base text-primary font-semibold capitalize dark:text-white tracking-[0.12px]"
        >
          Your Transaction's
        </h3>
        <button
          aria-label="Add New Transaction Button"
          class="tremor-Button-root shrink-0 inline-flex justify-center items-center group font-medium outline-none rounded-tremor-default border shadow-tremor-input dark:shadow-dark-tremor-input text-sm border-tremor-brand dark:border-dark-tremor-brand text-tremor-brand-inverted dark:text-dark-tremor-brand-inverted hover:border-tremor-brand-emphasis dark:hover:border-dark-tremor-brand-emphasis bg-transparent hover:bg-transparent border-none p-0 dark:bg-transparent dark:hover:bg-transparent btn-create"
          data-testid="openTransactionModal"
        >
          <span
            class="tremor-Button-text text-tremor-default whitespace-nowrap"
          >
            <svg
              class="text-primary w-5 h-4 dark:text-white"
              fill="currentColor"
              height="1em"
              stroke="currentColor"
              stroke-width="0"
              viewBox="0 0 512 512"
              width="1em"
              xmlns="http://www.w3.org/2000/svg"
            >
              <path
                d="M256 48C141.31 48 48 141.31 48 256s93.31 208 208 208 208-93.31 208-208S370.69 48 256 48zm80 224h-64v64a16 16 0 01-32 0v-64h-64a16 16 0 010-32h64v-64a16 16 0 0132 0v64h64a16 16 0 010 32z"
              />
            </svg>
          </span>
        </button>
      </div>
    </div>
    <p
      class="text-tremor-default dark:text-dark-tremor-content text-tertiary text-center p-5"
    >
      There is no transaction!
    </p>
  </div>
</div>
`;
